main.c:156:5:main	8	static
main.c:238:6:SystemClock_Config	248	static
main.c:295:12:xLEDTaskInitialize	40	static
main.c:313:13:prvLEDTask	16	static
main.c:333:13:MX_RNG_Init	8	static
main.c:360:13:MX_RTC_Init	32	static
main.c:416:6:MX_SPI3_Init	8	static
main.c:497:13:MX_UART4_Init	8	static
main.c:547:13:MX_GPIO_Init	48	static
main.c:609:6:vApplicationIdleHook	16	static
main.c:653:6:vMainUARTPrintString	24	static
main.c:662:6:vApplicationDaemonTaskStartupHook	16	static,ignoring_inline_asm
main.c:703:13:prvWifiConnect	168	static
main.c:759:13:prvInitializeHeap	32	static
main.c:794:6:HAL_GPIO_EXTI_Callback	16	static
main.c:815:6:Led_SetState	16	static
main.c:824:6:Led_Blink	24	static
main.c:857:6:vDevModePrintDevCertificate	1080	static
main.c:958:6:HAL_TIM_PeriodElapsedCallback	16	static
main.c:983:6:Error_Handler	8	static
