core_cm4.h:1939:34:__NVIC_SystemReset	4	static,ignoring_inline_asm
aws_ota_pal.c:187:26:prvContextValidate	16	static
aws_ota_pal.c:201:11:prvPAL_CreateFileForRx	24	static
aws_ota_pal.c:250:11:prvPAL_Abort	24	static
aws_ota_pal.c:292:9:prvPAL_WriteBlock	40	static
aws_ota_pal.c:349:11:prvPAL_CloseFile	24	static
aws_ota_pal.c:397:18:prvPAL_CheckFileSignature	56	static
aws_ota_pal.c:460:18:prvPAL_ReadAndAssumeCertificate	16	static
aws_ota_pal.c:472:11:prvPAL_ResetDevice	8	static
aws_ota_pal.c:479:11:prvPAL_ActivateNewImage	1960	static
aws_ota_pal.c:562:11:prvInitOTAImageState	8	static
aws_ota_pal.c:569:11:prvSetOTAImageState	24	static
aws_ota_pal.c:595:11:prvPAL_SetPlatformImageState	40	static
aws_ota_pal.c:726:18:prvGetOTAImageState	4	static
aws_ota_pal.c:739:22:prvPAL_GetPlatformImageState	24	static
aws_ota_pal.c:793:17:SFU_APP_GetDownloadAreaInfo	24	static
aws_ota_pal.c:811:17:SFU_APP_InstallAtNextReset	120	static
